hello
cfcce efvc
testing
testing 2
hello love

Case Testing
case TESTING 2
